Page 82: Unresolved ID reference "_.." found.
SVG error: file:/__w/ogc-muddi-mds/ogc-muddi-mds/_site/documents/mds-guide/:
The attribute "style" represents an invalid CSS declaration ("font-family:Carlito; font-weight:0; font-style:normal; font-size:7pt; fill:#595959;fill-opacity:1.00; stroke:#000000; stroke-opacity:0.00 stroke-width:0; white-space: pre;").
Original message:
The number '0' represents an invalid value for the 'font-weight' property.
org.w3c.dom.DOMException: file:/__w/ogc-muddi-mds/ogc-muddi-mds/_site/documents/mds-guide/:
The attribute "style" represents an invalid CSS declaration ("font-family:Carlito; font-weight:0; font-style:normal; font-size:7pt; fill:#595959;fill-opacity:1.00; stroke:#000000; stroke-opacity:0.00 stroke-width:0; white-space: pre;").
Original message:
The number '0' represents an invalid value for the 'font-weight' property.
	at org.apache.batik.css.engine.CSSEngine.getCascadedStyleMap(CSSEngine.java:824)
	at org.apache.batik.css.engine.CSSEngine.getComputedStyle(CSSEngine.java:867)
	at org.apache.batik.bridge.CSSUtilities.getComputedStyle(CSSUtilities.java:81)
	at org.apache.batik.bridge.CSSUtilities.convertDisplay(CSSUtilities.java:563)
	at org.apache.batik.bridge.GVTBuilder.buildGraphicsNode(GVTBuilder.java:206)
	at org.apache.batik.bridge.GVTBuilder.buildComposite(GVTBuilder.java:171)
	at org.apache.batik.bridge.GVTBuilder.buildGraphicsNode(GVTBuilder.java:219)
	at org.apache.batik.bridge.GVTBuilder.buildComposite(GVTBuilder.java:171)
	at org.apache.batik.bridge.GVTBuilder.build(GVTBuilder.java:82)
	at org.apache.fop.render.pdf.PDFImageHandlerSVG.handleImage(PDFImageHandlerSVG.java:104)
	at org.apache.fop.render.intermediate.AbstractIFPainter.drawImage(AbstractIFPainter.java:255)
	at org.apache.fop.render.intermediate.AbstractIFPainter.drawImage(AbstractIFPainter.java:211)
	at org.apache.fop.render.intermediate.AbstractIFPainter.drawImageUsingImageHandler(AbstractIFPainter.java:174)
	at org.apache.fop.render.intermediate.AbstractIFPainter.drawImageUsingDocument(AbstractIFPainter.java:325)
	at org.apache.fop.render.pdf.PDFPainter.drawImage(PDFPainter.java:291)
	at org.apache.fop.render.intermediate.IFRenderer.renderForeignObject(IFRenderer.java:1375)
	at org.apache.fop.render.AbstractRenderer.renderInlineViewport(AbstractRenderer.java:1034)
	at org.apache.fop.render.AbstractPathOrientedRenderer.renderInlineViewport(AbstractPathOrientedRenderer.java:836)
	at org.apache.fop.render.intermediate.IFRenderer.renderInlineViewport(IFRenderer.java:865)
	at org.apache.fop.render.AbstractRenderer.renderInlineArea(AbstractRenderer.java:877)
	at org.apache.fop.render.intermediate.IFRenderer.renderInlineArea(IFRenderer.java:929)
	at org.apache.fop.render.AbstractRenderer.renderLineArea(AbstractRenderer.java:845)
	at org.apache.fop.render.AbstractRenderer.renderBlocks(AbstractRenderer.java:704)
	at org.apache.fop.render.AbstractRenderer.renderBlock(AbstractRenderer.java:758)
	at org.apache.fop.render.intermediate.IFRenderer.renderBlock(IFRenderer.java:1009)
	at org.apache.fop.render.AbstractRenderer.renderBlocks(AbstractRenderer.java:689)
	at org.apache.fop.render.AbstractRenderer.renderBlock(AbstractRenderer.java:758)
	at org.apache.fop.render.intermediate.IFRenderer.renderBlock(IFRenderer.java:1009)
	at org.apache.fop.render.AbstractRenderer.renderBlocks(AbstractRenderer.java:689)
	at org.apache.fop.render.AbstractPathOrientedRenderer.renderReferenceArea(AbstractPathOrientedRenderer.java:759)
	at org.apache.fop.render.AbstractRenderer.renderBlock(AbstractRenderer.java:744)
	at org.apache.fop.render.intermediate.IFRenderer.renderBlock(IFRenderer.java:1009)
	at org.apache.fop.render.AbstractRenderer.renderBlocks(AbstractRenderer.java:689)
	at org.apache.fop.render.intermediate.IFRenderer.renderBlockViewport(IFRenderer.java:845)
	at org.apache.fop.render.AbstractRenderer.renderBlock(AbstractRenderer.java:737)
	at org.apache.fop.render.intermediate.IFRenderer.renderBlock(IFRenderer.java:1009)
	at org.apache.fop.render.AbstractRenderer.renderBlocks(AbstractRenderer.java:689)
	at org.apache.fop.render.AbstractRenderer.renderBlock(AbstractRenderer.java:758)
	at org.apache.fop.render.intermediate.IFRenderer.renderBlock(IFRenderer.java:1009)
	at org.apache.fop.render.AbstractRenderer.renderBlocks(AbstractRenderer.java:689)
	at org.apache.fop.render.AbstractPathOrientedRenderer.renderReferenceArea(AbstractPathOrientedRenderer.java:759)
	at org.apache.fop.render.AbstractRenderer.renderBlock(AbstractRenderer.java:744)
	at org.apache.fop.render.intermediate.IFRenderer.renderBlock(IFRenderer.java:1009)
	at org.apache.fop.render.AbstractRenderer.renderBlocks(AbstractRenderer.java:689)
	at org.apache.fop.render.intermediate.IFRenderer.renderBlockViewport(IFRenderer.java:845)
	at org.apache.fop.render.AbstractRenderer.renderBlock(AbstractRenderer.java:737)
	at org.apache.fop.render.intermediate.IFRenderer.renderBlock(IFRenderer.java:1009)
	at org.apache.fop.render.AbstractRenderer.renderBlocks(AbstractRenderer.java:689)
	at org.apache.fop.render.AbstractRenderer.renderBlock(AbstractRenderer.java:758)
	at org.apache.fop.render.intermediate.IFRenderer.renderBlock(IFRenderer.java:1009)
	at org.apache.fop.render.AbstractRenderer.renderBlocks(AbstractRenderer.java:689)
	at org.apache.fop.render.AbstractRenderer.renderBlock(AbstractRenderer.java:758)
	at org.apache.fop.render.intermediate.IFRenderer.renderBlock(IFRenderer.java:1009)
	at org.apache.fop.render.AbstractRenderer.renderBlocks(AbstractRenderer.java:689)
	at org.apache.fop.render.AbstractRenderer.renderBlock(AbstractRenderer.java:758)
	at org.apache.fop.render.intermediate.IFRenderer.renderBlock(IFRenderer.java:1009)
	at org.apache.fop.render.AbstractRenderer.renderBlocks(AbstractRenderer.java:689)
	at org.apache.fop.render.AbstractRenderer.renderFlow(AbstractRenderer.java:591)
	at org.apache.fop.render.AbstractPathOrientedRenderer.renderFlow(AbstractPathOrientedRenderer.java:789)
	at org.apache.fop.render.AbstractRenderer.renderMainReference(AbstractRenderer.java:568)
	at org.apache.fop.render.AbstractRenderer.renderBodyRegion(AbstractRenderer.java:433)
	at org.apache.fop.render.AbstractRenderer.renderRegionViewport(AbstractRenderer.java:380)
	at org.apache.fop.render.intermediate.IFRenderer.renderRegionViewport(IFRenderer.java:740)
	at org.apache.fop.render.AbstractRenderer.renderPageAreas(AbstractRenderer.java:345)
	at org.apache.fop.render.AbstractRenderer.renderPage(AbstractRenderer.java:318)
	at org.apache.fop.render.intermediate.IFRenderer.renderPage(IFRenderer.java:589)
	at org.apache.fop.area.RenderPagesModel.renderPage(RenderPagesModel.java:193)
	at org.apache.fop.area.RenderPagesModel.checkPreparedPages(RenderPagesModel.java:174)
	at org.apache.fop.area.RenderPagesModel.endDocument(RenderPagesModel.java:258)
	at org.apache.fop.area.AreaTreeHandler.endDocument(AreaTreeHandler.java:342)
	at org.apache.fop.fo.DelegatingFOEventHandler.endDocument(DelegatingFOEventHandler.java:94)
	at org.apache.fop.accessibility.fo.FO2StructureTreeConverter.endDocument(FO2StructureTreeConverter.java:160)
	at org.apache.fop.fo.FOTreeBuilder.endDocument(FOTreeBuilder.java:172)
	at org.apache.xalan.transformer.TransformerIdentityImpl.endDocument(TransformerIdentityImpl.java:1010)
	at java.xml/com.sun.org.apache.xerces.internal.parsers.AbstractSAXParser.endDocument(AbstractSAXParser.java:754)
	at java.xml/com.sun.org.apache.xerces.internal.impl.XMLDocumentFragmentScannerImpl.scanDocument(XMLDocumentFragmentScannerImpl.java:547)
	at java.xml/com.sun.org.apache.xerces.internal.parsers.XML11Configuration.parse(XML11Configuration.java:889)
	at java.xml/com.sun.org.apache.xerces.internal.parsers.XML11Configuration.parse(XML11Configuration.java:825)
	at java.xml/com.sun.org.apache.xerces.internal.parsers.XMLParser.parse(XMLParser.java:141)
	at java.xml/com.sun.org.apache.xerces.internal.parsers.AbstractSAXParser.parse(AbstractSAXParser.java:1224)
	at org.apache.xalan.transformer.TransformerIdentityImpl.transform(TransformerIdentityImpl.java:519)
	at org.metanorma.fop.PDFGenerator.runFOP(PDFGenerator.java:943)
	at org.metanorma.fop.PDFGenerator.convertmn2pdf(PDFGenerator.java:747)
	at org.metanorma.fop.PDFGenerator.process(PDFGenerator.java:408)
	at org.metanorma.fop.mn2pdf.main(mn2pdf.java:383)

SVG error: file:/__w/ogc-muddi-mds/ogc-muddi-mds/_site/documents/mds-guide/:
The attribute "style" represents an invalid CSS declaration ("font-family:Carlito; font-weight:0; font-style:normal; font-size:7pt; fill:#595959;fill-opacity:1.00; stroke:#000000; stroke-opacity:0.00 stroke-width:0; white-space: pre;").
Original message:
The number '0' represents an invalid value for the 'font-weight' property.
org.w3c.dom.DOMException: file:/__w/ogc-muddi-mds/ogc-muddi-mds/_site/documents/mds-guide/:
The attribute "style" represents an invalid CSS declaration ("font-family:Carlito; font-weight:0; font-style:normal; font-size:7pt; fill:#595959;fill-opacity:1.00; stroke:#000000; stroke-opacity:0.00 stroke-width:0; white-space: pre;").
Original message:
The number '0' represents an invalid value for the 'font-weight' property.
	at org.apache.batik.css.engine.CSSEngine.getCascadedStyleMap(CSSEngine.java:824)
	at org.apache.batik.css.engine.CSSEngine.getComputedStyle(CSSEngine.java:867)
	at org.apache.batik.bridge.CSSUtilities.getComputedStyle(CSSUtilities.java:81)
	at org.apache.batik.bridge.CSSUtilities.convertDisplay(CSSUtilities.java:563)
	at org.apache.batik.bridge.GVTBuilder.buildGraphicsNode(GVTBuilder.java:206)
	at org.apache.batik.bridge.GVTBuilder.buildComposite(GVTBuilder.java:171)
	at org.apache.batik.bridge.GVTBuilder.buildGraphicsNode(GVTBuilder.java:219)
	at org.apache.batik.bridge.GVTBuilder.buildComposite(GVTBuilder.java:171)
	at org.apache.batik.bridge.GVTBuilder.build(GVTBuilder.java:82)
	at org.apache.fop.render.pdf.PDFImageHandlerSVG.handleImage(PDFImageHandlerSVG.java:104)
	at org.apache.fop.render.intermediate.AbstractIFPainter.drawImage(AbstractIFPainter.java:255)
	at org.apache.fop.render.intermediate.AbstractIFPainter.drawImage(AbstractIFPainter.java:211)
	at org.apache.fop.render.intermediate.AbstractIFPainter.drawImageUsingImageHandler(AbstractIFPainter.java:174)
	at org.apache.fop.render.intermediate.AbstractIFPainter.drawImageUsingDocument(AbstractIFPainter.java:325)
	at org.apache.fop.render.pdf.PDFPainter.drawImage(PDFPainter.java:291)
	at org.apache.fop.render.intermediate.IFRenderer.renderForeignObject(IFRenderer.java:1375)
	at org.apache.fop.render.AbstractRenderer.renderInlineViewport(AbstractRenderer.java:1034)
	at org.apache.fop.render.AbstractPathOrientedRenderer.renderInlineViewport(AbstractPathOrientedRenderer.java:836)
	at org.apache.fop.render.intermediate.IFRenderer.renderInlineViewport(IFRenderer.java:865)
	at org.apache.fop.render.AbstractRenderer.renderInlineArea(AbstractRenderer.java:877)
	at org.apache.fop.render.intermediate.IFRenderer.renderInlineArea(IFRenderer.java:929)
	at org.apache.fop.render.AbstractRenderer.renderLineArea(AbstractRenderer.java:845)
	at org.apache.fop.render.AbstractRenderer.renderBlocks(AbstractRenderer.java:704)
	at org.apache.fop.render.AbstractRenderer.renderBlock(AbstractRenderer.java:758)
	at org.apache.fop.render.intermediate.IFRenderer.renderBlock(IFRenderer.java:1009)
	at org.apache.fop.render.AbstractRenderer.renderBlocks(AbstractRenderer.java:689)
	at org.apache.fop.render.AbstractRenderer.renderBlock(AbstractRenderer.java:758)
	at org.apache.fop.render.intermediate.IFRenderer.renderBlock(IFRenderer.java:1009)
	at org.apache.fop.render.AbstractRenderer.renderBlocks(AbstractRenderer.java:689)
	at org.apache.fop.render.AbstractPathOrientedRenderer.renderReferenceArea(AbstractPathOrientedRenderer.java:759)
	at org.apache.fop.render.AbstractRenderer.renderBlock(AbstractRenderer.java:744)
	at org.apache.fop.render.intermediate.IFRenderer.renderBlock(IFRenderer.java:1009)
	at org.apache.fop.render.AbstractRenderer.renderBlocks(AbstractRenderer.java:689)
	at org.apache.fop.render.intermediate.IFRenderer.renderBlockViewport(IFRenderer.java:845)
	at org.apache.fop.render.AbstractRenderer.renderBlock(AbstractRenderer.java:737)
	at org.apache.fop.render.intermediate.IFRenderer.renderBlock(IFRenderer.java:1009)
	at org.apache.fop.render.AbstractRenderer.renderBlocks(AbstractRenderer.java:689)
	at org.apache.fop.render.AbstractRenderer.renderBlock(AbstractRenderer.java:758)
	at org.apache.fop.render.intermediate.IFRenderer.renderBlock(IFRenderer.java:1009)
	at org.apache.fop.render.AbstractRenderer.renderBlocks(AbstractRenderer.java:689)
	at org.apache.fop.render.AbstractPathOrientedRenderer.renderReferenceArea(AbstractPathOrientedRenderer.java:759)
	at org.apache.fop.render.AbstractRenderer.renderBlock(AbstractRenderer.java:744)
	at org.apache.fop.render.intermediate.IFRenderer.renderBlock(IFRenderer.java:1009)
	at org.apache.fop.render.AbstractRenderer.renderBlocks(AbstractRenderer.java:689)
	at org.apache.fop.render.intermediate.IFRenderer.renderBlockViewport(IFRenderer.java:845)
	at org.apache.fop.render.AbstractRenderer.renderBlock(AbstractRenderer.java:737)
	at org.apache.fop.render.intermediate.IFRenderer.renderBlock(IFRenderer.java:1009)
	at org.apache.fop.render.AbstractRenderer.renderBlocks(AbstractRenderer.java:689)
	at org.apache.fop.render.AbstractRenderer.renderBlock(AbstractRenderer.java:758)
	at org.apache.fop.render.intermediate.IFRenderer.renderBlock(IFRenderer.java:1009)
	at org.apache.fop.render.AbstractRenderer.renderBlocks(AbstractRenderer.java:689)
	at org.apache.fop.render.AbstractRenderer.renderBlock(AbstractRenderer.java:758)
	at org.apache.fop.render.intermediate.IFRenderer.renderBlock(IFRenderer.java:1009)
	at org.apache.fop.render.AbstractRenderer.renderBlocks(AbstractRenderer.java:689)
	at org.apache.fop.render.AbstractRenderer.renderBlock(AbstractRenderer.java:758)
	at org.apache.fop.render.intermediate.IFRenderer.renderBlock(IFRenderer.java:1009)
	at org.apache.fop.render.AbstractRenderer.renderBlocks(AbstractRenderer.java:689)
	at org.apache.fop.render.AbstractRenderer.renderFlow(AbstractRenderer.java:591)
	at org.apache.fop.render.AbstractPathOrientedRenderer.renderFlow(AbstractPathOrientedRenderer.java:789)
	at org.apache.fop.render.AbstractRenderer.renderMainReference(AbstractRenderer.java:568)
	at org.apache.fop.render.AbstractRenderer.renderBodyRegion(AbstractRenderer.java:433)
	at org.apache.fop.render.AbstractRenderer.renderRegionViewport(AbstractRenderer.java:380)
	at org.apache.fop.render.intermediate.IFRenderer.renderRegionViewport(IFRenderer.java:740)
	at org.apache.fop.render.AbstractRenderer.renderPageAreas(AbstractRenderer.java:345)
	at org.apache.fop.render.AbstractRenderer.renderPage(AbstractRenderer.java:318)
	at org.apache.fop.render.intermediate.IFRenderer.renderPage(IFRenderer.java:589)
	at org.apache.fop.area.RenderPagesModel.renderPage(RenderPagesModel.java:193)
	at org.apache.fop.area.RenderPagesModel.checkPreparedPages(RenderPagesModel.java:174)
	at org.apache.fop.area.RenderPagesModel.endDocument(RenderPagesModel.java:258)
	at org.apache.fop.area.AreaTreeHandler.endDocument(AreaTreeHandler.java:342)
	at org.apache.fop.fo.DelegatingFOEventHandler.endDocument(DelegatingFOEventHandler.java:94)
	at org.apache.fop.accessibility.fo.FO2StructureTreeConverter.endDocument(FO2StructureTreeConverter.java:160)
	at org.apache.fop.fo.FOTreeBuilder.endDocument(FOTreeBuilder.java:172)
	at org.apache.xalan.transformer.TransformerIdentityImpl.endDocument(TransformerIdentityImpl.java:1010)
	at java.xml/com.sun.org.apache.xerces.internal.parsers.AbstractSAXParser.endDocument(AbstractSAXParser.java:754)
	at java.xml/com.sun.org.apache.xerces.internal.impl.XMLDocumentFragmentScannerImpl.scanDocument(XMLDocumentFragmentScannerImpl.java:547)
	at java.xml/com.sun.org.apache.xerces.internal.parsers.XML11Configuration.parse(XML11Configuration.java:889)
	at java.xml/com.sun.org.apache.xerces.internal.parsers.XML11Configuration.parse(XML11Configuration.java:825)
	at java.xml/com.sun.org.apache.xerces.internal.parsers.XMLParser.parse(XMLParser.java:141)
	at java.xml/com.sun.org.apache.xerces.internal.parsers.AbstractSAXParser.parse(AbstractSAXParser.java:1224)
	at org.apache.xalan.transformer.TransformerIdentityImpl.transform(TransformerIdentityImpl.java:519)
	at org.metanorma.fop.PDFGenerator.runFOP(PDFGenerator.java:943)
	at org.metanorma.fop.PDFGenerator.convertmn2pdf(PDFGenerator.java:747)
	at org.metanorma.fop.PDFGenerator.process(PDFGenerator.java:408)
	at org.metanorma.fop.mn2pdf.main(mn2pdf.java:383)

SVG error: file:/__w/ogc-muddi-mds/ogc-muddi-mds/_site/documents/mds-guide/:
The attribute "style" represents an invalid CSS declaration ("font-family:Carlito; font-weight:0; font-style:normal; font-size:7pt; fill:#595959;fill-opacity:1.00; stroke:#000000; stroke-opacity:0.00 stroke-width:0; white-space: pre;").
Original message:
The number '0' represents an invalid value for the 'font-weight' property.
org.w3c.dom.DOMException: file:/__w/ogc-muddi-mds/ogc-muddi-mds/_site/documents/mds-guide/:
The attribute "style" represents an invalid CSS declaration ("font-family:Carlito; font-weight:0; font-style:normal; font-size:7pt; fill:#595959;fill-opacity:1.00; stroke:#000000; stroke-opacity:0.00 stroke-width:0; white-space: pre;").
Original message:
The number '0' represents an invalid value for the 'font-weight' property.
	at org.apache.batik.css.engine.CSSEngine.getCascadedStyleMap(CSSEngine.java:824)
	at org.apache.batik.css.engine.CSSEngine.getComputedStyle(CSSEngine.java:867)
	at org.apache.batik.bridge.CSSUtilities.getComputedStyle(CSSUtilities.java:81)
	at org.apache.batik.bridge.CSSUtilities.convertDisplay(CSSUtilities.java:563)
	at org.apache.batik.bridge.GVTBuilder.buildGraphicsNode(GVTBuilder.java:206)
	at org.apache.batik.bridge.GVTBuilder.buildComposite(GVTBuilder.java:171)
	at org.apache.batik.bridge.GVTBuilder.buildGraphicsNode(GVTBuilder.java:219)
	at org.apache.batik.bridge.GVTBuilder.buildComposite(GVTBuilder.java:171)
	at org.apache.batik.bridge.GVTBuilder.build(GVTBuilder.java:82)
	at org.apache.fop.render.pdf.PDFImageHandlerSVG.handleImage(PDFImageHandlerSVG.java:104)
	at org.apache.fop.render.intermediate.AbstractIFPainter.drawImage(AbstractIFPainter.java:255)
	at org.apache.fop.render.intermediate.AbstractIFPainter.drawImage(AbstractIFPainter.java:211)
	at org.apache.fop.render.intermediate.AbstractIFPainter.drawImageUsingImageHandler(AbstractIFPainter.java:174)
	at org.apache.fop.render.intermediate.AbstractIFPainter.drawImageUsingDocument(AbstractIFPainter.java:325)
	at org.apache.fop.render.pdf.PDFPainter.drawImage(PDFPainter.java:291)
	at org.apache.fop.render.intermediate.IFRenderer.renderForeignObject(IFRenderer.java:1375)
	at org.apache.fop.render.AbstractRenderer.renderInlineViewport(AbstractRenderer.java:1034)
	at org.apache.fop.render.AbstractPathOrientedRenderer.renderInlineViewport(AbstractPathOrientedRenderer.java:836)
	at org.apache.fop.render.intermediate.IFRenderer.renderInlineViewport(IFRenderer.java:865)
	at org.apache.fop.render.AbstractRenderer.renderInlineArea(AbstractRenderer.java:877)
	at org.apache.fop.render.intermediate.IFRenderer.renderInlineArea(IFRenderer.java:929)
	at org.apache.fop.render.AbstractRenderer.renderLineArea(AbstractRenderer.java:845)
	at org.apache.fop.render.AbstractRenderer.renderBlocks(AbstractRenderer.java:704)
	at org.apache.fop.render.AbstractRenderer.renderBlock(AbstractRenderer.java:758)
	at org.apache.fop.render.intermediate.IFRenderer.renderBlock(IFRenderer.java:1009)
	at org.apache.fop.render.AbstractRenderer.renderBlocks(AbstractRenderer.java:689)
	at org.apache.fop.render.AbstractRenderer.renderBlock(AbstractRenderer.java:758)
	at org.apache.fop.render.intermediate.IFRenderer.renderBlock(IFRenderer.java:1009)
	at org.apache.fop.render.AbstractRenderer.renderBlocks(AbstractRenderer.java:689)
	at org.apache.fop.render.AbstractPathOrientedRenderer.renderReferenceArea(AbstractPathOrientedRenderer.java:759)
	at org.apache.fop.render.AbstractRenderer.renderBlock(AbstractRenderer.java:744)
	at org.apache.fop.render.intermediate.IFRenderer.renderBlock(IFRenderer.java:1009)
	at org.apache.fop.render.AbstractRenderer.renderBlocks(AbstractRenderer.java:689)
	at org.apache.fop.render.intermediate.IFRenderer.renderBlockViewport(IFRenderer.java:845)
	at org.apache.fop.render.AbstractRenderer.renderBlock(AbstractRenderer.java:737)
	at org.apache.fop.render.intermediate.IFRenderer.renderBlock(IFRenderer.java:1009)
	at org.apache.fop.render.AbstractRenderer.renderBlocks(AbstractRenderer.java:689)
	at org.apache.fop.render.AbstractRenderer.renderBlock(AbstractRenderer.java:758)
	at org.apache.fop.render.intermediate.IFRenderer.renderBlock(IFRenderer.java:1009)
	at org.apache.fop.render.AbstractRenderer.renderBlocks(AbstractRenderer.java:689)
	at org.apache.fop.render.AbstractPathOrientedRenderer.renderReferenceArea(AbstractPathOrientedRenderer.java:759)
	at org.apache.fop.render.AbstractRenderer.renderBlock(AbstractRenderer.java:744)
	at org.apache.fop.render.intermediate.IFRenderer.renderBlock(IFRenderer.java:1009)
	at org.apache.fop.render.AbstractRenderer.renderBlocks(AbstractRenderer.java:689)
	at org.apache.fop.render.intermediate.IFRenderer.renderBlockViewport(IFRenderer.java:845)
	at org.apache.fop.render.AbstractRenderer.renderBlock(AbstractRenderer.java:737)
	at org.apache.fop.render.intermediate.IFRenderer.renderBlock(IFRenderer.java:1009)
	at org.apache.fop.render.AbstractRenderer.renderBlocks(AbstractRenderer.java:689)
	at org.apache.fop.render.AbstractRenderer.renderBlock(AbstractRenderer.java:758)
	at org.apache.fop.render.intermediate.IFRenderer.renderBlock(IFRenderer.java:1009)
	at org.apache.fop.render.AbstractRenderer.renderBlocks(AbstractRenderer.java:689)
	at org.apache.fop.render.AbstractRenderer.renderBlock(AbstractRenderer.java:758)
	at org.apache.fop.render.intermediate.IFRenderer.renderBlock(IFRenderer.java:1009)
	at org.apache.fop.render.AbstractRenderer.renderBlocks(AbstractRenderer.java:689)
	at org.apache.fop.render.AbstractRenderer.renderBlock(AbstractRenderer.java:758)
	at org.apache.fop.render.intermediate.IFRenderer.renderBlock(IFRenderer.java:1009)
	at org.apache.fop.render.AbstractRenderer.renderBlocks(AbstractRenderer.java:689)
	at org.apache.fop.render.AbstractRenderer.renderFlow(AbstractRenderer.java:591)
	at org.apache.fop.render.AbstractPathOrientedRenderer.renderFlow(AbstractPathOrientedRenderer.java:789)
	at org.apache.fop.render.AbstractRenderer.renderMainReference(AbstractRenderer.java:568)
	at org.apache.fop.render.AbstractRenderer.renderBodyRegion(AbstractRenderer.java:433)
	at org.apache.fop.render.AbstractRenderer.renderRegionViewport(AbstractRenderer.java:380)
	at org.apache.fop.render.intermediate.IFRenderer.renderRegionViewport(IFRenderer.java:740)
	at org.apache.fop.render.AbstractRenderer.renderPageAreas(AbstractRenderer.java:345)
	at org.apache.fop.render.AbstractRenderer.renderPage(AbstractRenderer.java:318)
	at org.apache.fop.render.intermediate.IFRenderer.renderPage(IFRenderer.java:589)
	at org.apache.fop.area.RenderPagesModel.renderPage(RenderPagesModel.java:193)
	at org.apache.fop.area.RenderPagesModel.checkPreparedPages(RenderPagesModel.java:174)
	at org.apache.fop.area.RenderPagesModel.endDocument(RenderPagesModel.java:258)
	at org.apache.fop.area.AreaTreeHandler.endDocument(AreaTreeHandler.java:342)
	at org.apache.fop.fo.DelegatingFOEventHandler.endDocument(DelegatingFOEventHandler.java:94)
	at org.apache.fop.accessibility.fo.FO2StructureTreeConverter.endDocument(FO2StructureTreeConverter.java:160)
	at org.apache.fop.fo.FOTreeBuilder.endDocument(FOTreeBuilder.java:172)
	at org.apache.xalan.transformer.TransformerIdentityImpl.endDocument(TransformerIdentityImpl.java:1010)
	at java.xml/com.sun.org.apache.xerces.internal.parsers.AbstractSAXParser.endDocument(AbstractSAXParser.java:754)
	at java.xml/com.sun.org.apache.xerces.internal.impl.XMLDocumentFragmentScannerImpl.scanDocument(XMLDocumentFragmentScannerImpl.java:547)
	at java.xml/com.sun.org.apache.xerces.internal.parsers.XML11Configuration.parse(XML11Configuration.java:889)
	at java.xml/com.sun.org.apache.xerces.internal.parsers.XML11Configuration.parse(XML11Configuration.java:825)
	at java.xml/com.sun.org.apache.xerces.internal.parsers.XMLParser.parse(XMLParser.java:141)
	at java.xml/com.sun.org.apache.xerces.internal.parsers.AbstractSAXParser.parse(AbstractSAXParser.java:1224)
	at org.apache.xalan.transformer.TransformerIdentityImpl.transform(TransformerIdentityImpl.java:519)
	at org.metanorma.fop.PDFGenerator.runFOP(PDFGenerator.java:943)
	at org.metanorma.fop.PDFGenerator.convertmn2pdf(PDFGenerator.java:747)
	at org.metanorma.fop.PDFGenerator.process(PDFGenerator.java:408)
	at org.metanorma.fop.mn2pdf.main(mn2pdf.java:383)

SVG error: file:/__w/ogc-muddi-mds/ogc-muddi-mds/_site/documents/mds-guide/:
The attribute "style" represents an invalid CSS declaration ("font-family:Carlito; font-weight:0; font-style:normal; font-size:7pt; fill:#595959;fill-opacity:1.00; stroke:#000000; stroke-opacity:0.00 stroke-width:0; white-space: pre;").
Original message:
The number '0' represents an invalid value for the 'font-weight' property.
org.w3c.dom.DOMException: file:/__w/ogc-muddi-mds/ogc-muddi-mds/_site/documents/mds-guide/:
The attribute "style" represents an invalid CSS declaration ("font-family:Carlito; font-weight:0; font-style:normal; font-size:7pt; fill:#595959;fill-opacity:1.00; stroke:#000000; stroke-opacity:0.00 stroke-width:0; white-space: pre;").
Original message:
The number '0' represents an invalid value for the 'font-weight' property.
	at org.apache.batik.css.engine.CSSEngine.getCascadedStyleMap(CSSEngine.java:824)
	at org.apache.batik.css.engine.CSSEngine.getComputedStyle(CSSEngine.java:867)
	at org.apache.batik.bridge.CSSUtilities.getComputedStyle(CSSUtilities.java:81)
	at org.apache.batik.bridge.CSSUtilities.convertDisplay(CSSUtilities.java:563)
	at org.apache.batik.bridge.GVTBuilder.buildGraphicsNode(GVTBuilder.java:206)
	at org.apache.batik.bridge.GVTBuilder.buildComposite(GVTBuilder.java:171)
	at org.apache.batik.bridge.GVTBuilder.buildGraphicsNode(GVTBuilder.java:219)
	at org.apache.batik.bridge.GVTBuilder.buildComposite(GVTBuilder.java:171)
	at org.apache.batik.bridge.GVTBuilder.build(GVTBuilder.java:82)
	at org.apache.fop.render.pdf.PDFImageHandlerSVG.handleImage(PDFImageHandlerSVG.java:104)
	at org.apache.fop.render.intermediate.AbstractIFPainter.drawImage(AbstractIFPainter.java:255)
	at org.apache.fop.render.intermediate.AbstractIFPainter.drawImage(AbstractIFPainter.java:211)
	at org.apache.fop.render.intermediate.AbstractIFPainter.drawImageUsingImageHandler(AbstractIFPainter.java:174)
	at org.apache.fop.render.intermediate.AbstractIFPainter.drawImageUsingDocument(AbstractIFPainter.java:325)
	at org.apache.fop.render.pdf.PDFPainter.drawImage(PDFPainter.java:291)
	at org.apache.fop.render.intermediate.IFRenderer.renderForeignObject(IFRenderer.java:1375)
	at org.apache.fop.render.AbstractRenderer.renderInlineViewport(AbstractRenderer.java:1034)
	at org.apache.fop.render.AbstractPathOrientedRenderer.renderInlineViewport(AbstractPathOrientedRenderer.java:836)
	at org.apache.fop.render.intermediate.IFRenderer.renderInlineViewport(IFRenderer.java:865)
	at org.apache.fop.render.AbstractRenderer.renderInlineArea(AbstractRenderer.java:877)
	at org.apache.fop.render.intermediate.IFRenderer.renderInlineArea(IFRenderer.java:929)
	at org.apache.fop.render.AbstractRenderer.renderLineArea(AbstractRenderer.java:845)
	at org.apache.fop.render.AbstractRenderer.renderBlocks(AbstractRenderer.java:704)
	at org.apache.fop.render.AbstractRenderer.renderBlock(AbstractRenderer.java:758)
	at org.apache.fop.render.intermediate.IFRenderer.renderBlock(IFRenderer.java:1009)
	at org.apache.fop.render.AbstractRenderer.renderBlocks(AbstractRenderer.java:689)
	at org.apache.fop.render.AbstractRenderer.renderBlock(AbstractRenderer.java:758)
	at org.apache.fop.render.intermediate.IFRenderer.renderBlock(IFRenderer.java:1009)
	at org.apache.fop.render.AbstractRenderer.renderBlocks(AbstractRenderer.java:689)
	at org.apache.fop.render.AbstractPathOrientedRenderer.renderReferenceArea(AbstractPathOrientedRenderer.java:759)
	at org.apache.fop.render.AbstractRenderer.renderBlock(AbstractRenderer.java:744)
	at org.apache.fop.render.intermediate.IFRenderer.renderBlock(IFRenderer.java:1009)
	at org.apache.fop.render.AbstractRenderer.renderBlocks(AbstractRenderer.java:689)
	at org.apache.fop.render.intermediate.IFRenderer.renderBlockViewport(IFRenderer.java:845)
	at org.apache.fop.render.AbstractRenderer.renderBlock(AbstractRenderer.java:737)
	at org.apache.fop.render.intermediate.IFRenderer.renderBlock(IFRenderer.java:1009)
	at org.apache.fop.render.AbstractRenderer.renderBlocks(AbstractRenderer.java:689)
	at org.apache.fop.render.AbstractRenderer.renderBlock(AbstractRenderer.java:758)
	at org.apache.fop.render.intermediate.IFRenderer.renderBlock(IFRenderer.java:1009)
	at org.apache.fop.render.AbstractRenderer.renderBlocks(AbstractRenderer.java:689)
	at org.apache.fop.render.AbstractPathOrientedRenderer.renderReferenceArea(AbstractPathOrientedRenderer.java:759)
	at org.apache.fop.render.AbstractRenderer.renderBlock(AbstractRenderer.java:744)
	at org.apache.fop.render.intermediate.IFRenderer.renderBlock(IFRenderer.java:1009)
	at org.apache.fop.render.AbstractRenderer.renderBlocks(AbstractRenderer.java:689)
	at org.apache.fop.render.intermediate.IFRenderer.renderBlockViewport(IFRenderer.java:845)
	at org.apache.fop.render.AbstractRenderer.renderBlock(AbstractRenderer.java:737)
	at org.apache.fop.render.intermediate.IFRenderer.renderBlock(IFRenderer.java:1009)
	at org.apache.fop.render.AbstractRenderer.renderBlocks(AbstractRenderer.java:689)
	at org.apache.fop.render.AbstractRenderer.renderBlock(AbstractRenderer.java:758)
	at org.apache.fop.render.intermediate.IFRenderer.renderBlock(IFRenderer.java:1009)
	at org.apache.fop.render.AbstractRenderer.renderBlocks(AbstractRenderer.java:689)
	at org.apache.fop.render.AbstractRenderer.renderBlock(AbstractRenderer.java:758)
	at org.apache.fop.render.intermediate.IFRenderer.renderBlock(IFRenderer.java:1009)
	at org.apache.fop.render.AbstractRenderer.renderBlocks(AbstractRenderer.java:689)
	at org.apache.fop.render.AbstractRenderer.renderBlock(AbstractRenderer.java:758)
	at org.apache.fop.render.intermediate.IFRenderer.renderBlock(IFRenderer.java:1009)
	at org.apache.fop.render.AbstractRenderer.renderBlocks(AbstractRenderer.java:689)
	at org.apache.fop.render.AbstractRenderer.renderFlow(AbstractRenderer.java:591)
	at org.apache.fop.render.AbstractPathOrientedRenderer.renderFlow(AbstractPathOrientedRenderer.java:789)
	at org.apache.fop.render.AbstractRenderer.renderMainReference(AbstractRenderer.java:568)
	at org.apache.fop.render.AbstractRenderer.renderBodyRegion(AbstractRenderer.java:433)
	at org.apache.fop.render.AbstractRenderer.renderRegionViewport(AbstractRenderer.java:380)
	at org.apache.fop.render.intermediate.IFRenderer.renderRegionViewport(IFRenderer.java:740)
	at org.apache.fop.render.AbstractRenderer.renderPageAreas(AbstractRenderer.java:345)
	at org.apache.fop.render.AbstractRenderer.renderPage(AbstractRenderer.java:318)
	at org.apache.fop.render.intermediate.IFRenderer.renderPage(IFRenderer.java:589)
	at org.apache.fop.area.RenderPagesModel.renderPage(RenderPagesModel.java:193)
	at org.apache.fop.area.RenderPagesModel.checkPreparedPages(RenderPagesModel.java:174)
	at org.apache.fop.area.RenderPagesModel.endDocument(RenderPagesModel.java:258)
	at org.apache.fop.area.AreaTreeHandler.endDocument(AreaTreeHandler.java:342)
	at org.apache.fop.fo.DelegatingFOEventHandler.endDocument(DelegatingFOEventHandler.java:94)
	at org.apache.fop.accessibility.fo.FO2StructureTreeConverter.endDocument(FO2StructureTreeConverter.java:160)
	at org.apache.fop.fo.FOTreeBuilder.endDocument(FOTreeBuilder.java:172)
	at org.apache.xalan.transformer.TransformerIdentityImpl.endDocument(TransformerIdentityImpl.java:1010)
	at java.xml/com.sun.org.apache.xerces.internal.parsers.AbstractSAXParser.endDocument(AbstractSAXParser.java:754)
	at java.xml/com.sun.org.apache.xerces.internal.impl.XMLDocumentFragmentScannerImpl.scanDocument(XMLDocumentFragmentScannerImpl.java:547)
	at java.xml/com.sun.org.apache.xerces.internal.parsers.XML11Configuration.parse(XML11Configuration.java:889)
	at java.xml/com.sun.org.apache.xerces.internal.parsers.XML11Configuration.parse(XML11Configuration.java:825)
	at java.xml/com.sun.org.apache.xerces.internal.parsers.XMLParser.parse(XMLParser.java:141)
	at java.xml/com.sun.org.apache.xerces.internal.parsers.AbstractSAXParser.parse(AbstractSAXParser.java:1224)
	at org.apache.xalan.transformer.TransformerIdentityImpl.transform(TransformerIdentityImpl.java:519)
	at org.metanorma.fop.PDFGenerator.runFOP(PDFGenerator.java:943)
	at org.metanorma.fop.PDFGenerator.convertmn2pdf(PDFGenerator.java:747)
	at org.metanorma.fop.PDFGenerator.process(PDFGenerator.java:408)
	at org.metanorma.fop.mn2pdf.main(mn2pdf.java:383)

SVG error: file:/__w/ogc-muddi-mds/ogc-muddi-mds/_site/documents/mds-guide/:
The attribute "style" represents an invalid CSS declaration ("font-family:Carlito; font-weight:0; font-style:normal; font-size:7pt; fill:#595959;fill-opacity:1.00; stroke:#000000; stroke-opacity:0.00 stroke-width:0; white-space: pre;").
Original message:
The number '0' represents an invalid value for the 'font-weight' property.
org.w3c.dom.DOMException: file:/__w/ogc-muddi-mds/ogc-muddi-mds/_site/documents/mds-guide/:
The attribute "style" represents an invalid CSS declaration ("font-family:Carlito; font-weight:0; font-style:normal; font-size:7pt; fill:#595959;fill-opacity:1.00; stroke:#000000; stroke-opacity:0.00 stroke-width:0; white-space: pre;").
Original message:
The number '0' represents an invalid value for the 'font-weight' property.
	at org.apache.batik.css.engine.CSSEngine.getCascadedStyleMap(CSSEngine.java:824)
	at org.apache.batik.css.engine.CSSEngine.getComputedStyle(CSSEngine.java:867)
	at org.apache.batik.bridge.CSSUtilities.getComputedStyle(CSSUtilities.java:81)
	at org.apache.batik.bridge.CSSUtilities.convertDisplay(CSSUtilities.java:563)
	at org.apache.batik.bridge.GVTBuilder.buildGraphicsNode(GVTBuilder.java:206)
	at org.apache.batik.bridge.GVTBuilder.buildComposite(GVTBuilder.java:171)
	at org.apache.batik.bridge.GVTBuilder.buildGraphicsNode(GVTBuilder.java:219)
	at org.apache.batik.bridge.GVTBuilder.buildComposite(GVTBuilder.java:171)
	at org.apache.batik.bridge.GVTBuilder.build(GVTBuilder.java:82)
	at org.apache.fop.render.pdf.PDFImageHandlerSVG.handleImage(PDFImageHandlerSVG.java:104)
	at org.apache.fop.render.intermediate.AbstractIFPainter.drawImage(AbstractIFPainter.java:255)
	at org.apache.fop.render.intermediate.AbstractIFPainter.drawImage(AbstractIFPainter.java:211)
	at org.apache.fop.render.intermediate.AbstractIFPainter.drawImageUsingImageHandler(AbstractIFPainter.java:174)
	at org.apache.fop.render.intermediate.AbstractIFPainter.drawImageUsingDocument(AbstractIFPainter.java:325)
	at org.apache.fop.render.pdf.PDFPainter.drawImage(PDFPainter.java:291)
	at org.apache.fop.render.intermediate.IFRenderer.renderForeignObject(IFRenderer.java:1375)
	at org.apache.fop.render.AbstractRenderer.renderInlineViewport(AbstractRenderer.java:1034)
	at org.apache.fop.render.AbstractPathOrientedRenderer.renderInlineViewport(AbstractPathOrientedRenderer.java:836)
	at org.apache.fop.render.intermediate.IFRenderer.renderInlineViewport(IFRenderer.java:865)
	at org.apache.fop.render.AbstractRenderer.renderInlineArea(AbstractRenderer.java:877)
	at org.apache.fop.render.intermediate.IFRenderer.renderInlineArea(IFRenderer.java:929)
	at org.apache.fop.render.AbstractRenderer.renderLineArea(AbstractRenderer.java:845)
	at org.apache.fop.render.AbstractRenderer.renderBlocks(AbstractRenderer.java:704)
	at org.apache.fop.render.AbstractRenderer.renderBlock(AbstractRenderer.java:758)
	at org.apache.fop.render.intermediate.IFRenderer.renderBlock(IFRenderer.java:1009)
	at org.apache.fop.render.AbstractRenderer.renderBlocks(AbstractRenderer.java:689)
	at org.apache.fop.render.AbstractRenderer.renderBlock(AbstractRenderer.java:758)
	at org.apache.fop.render.intermediate.IFRenderer.renderBlock(IFRenderer.java:1009)
	at org.apache.fop.render.AbstractRenderer.renderBlocks(AbstractRenderer.java:689)
	at org.apache.fop.render.AbstractPathOrientedRenderer.renderReferenceArea(AbstractPathOrientedRenderer.java:759)
	at org.apache.fop.render.AbstractRenderer.renderBlock(AbstractRenderer.java:744)
	at org.apache.fop.render.intermediate.IFRenderer.renderBlock(IFRenderer.java:1009)
	at org.apache.fop.render.AbstractRenderer.renderBlocks(AbstractRenderer.java:689)
	at org.apache.fop.render.intermediate.IFRenderer.renderBlockViewport(IFRenderer.java:845)
	at org.apache.fop.render.AbstractRenderer.renderBlock(AbstractRenderer.java:737)
	at org.apache.fop.render.intermediate.IFRenderer.renderBlock(IFRenderer.java:1009)
	at org.apache.fop.render.AbstractRenderer.renderBlocks(AbstractRenderer.java:689)
	at org.apache.fop.render.AbstractRenderer.renderBlock(AbstractRenderer.java:758)
	at org.apache.fop.render.intermediate.IFRenderer.renderBlock(IFRenderer.java:1009)
	at org.apache.fop.render.AbstractRenderer.renderBlocks(AbstractRenderer.java:689)
	at org.apache.fop.render.AbstractPathOrientedRenderer.renderReferenceArea(AbstractPathOrientedRenderer.java:759)
	at org.apache.fop.render.AbstractRenderer.renderBlock(AbstractRenderer.java:744)
	at org.apache.fop.render.intermediate.IFRenderer.renderBlock(IFRenderer.java:1009)
	at org.apache.fop.render.AbstractRenderer.renderBlocks(AbstractRenderer.java:689)
	at org.apache.fop.render.intermediate.IFRenderer.renderBlockViewport(IFRenderer.java:845)
	at org.apache.fop.render.AbstractRenderer.renderBlock(AbstractRenderer.java:737)
	at org.apache.fop.render.intermediate.IFRenderer.renderBlock(IFRenderer.java:1009)
	at org.apache.fop.render.AbstractRenderer.renderBlocks(AbstractRenderer.java:689)
	at org.apache.fop.render.AbstractRenderer.renderBlock(AbstractRenderer.java:758)
	at org.apache.fop.render.intermediate.IFRenderer.renderBlock(IFRenderer.java:1009)
	at org.apache.fop.render.AbstractRenderer.renderBlocks(AbstractRenderer.java:689)
	at org.apache.fop.render.AbstractRenderer.renderBlock(AbstractRenderer.java:758)
	at org.apache.fop.render.intermediate.IFRenderer.renderBlock(IFRenderer.java:1009)
	at org.apache.fop.render.AbstractRenderer.renderBlocks(AbstractRenderer.java:689)
	at org.apache.fop.render.AbstractRenderer.renderBlock(AbstractRenderer.java:758)
	at org.apache.fop.render.intermediate.IFRenderer.renderBlock(IFRenderer.java:1009)
	at org.apache.fop.render.AbstractRenderer.renderBlocks(AbstractRenderer.java:689)
	at org.apache.fop.render.AbstractRenderer.renderFlow(AbstractRenderer.java:591)
	at org.apache.fop.render.AbstractPathOrientedRenderer.renderFlow(AbstractPathOrientedRenderer.java:789)
	at org.apache.fop.render.AbstractRenderer.renderMainReference(AbstractRenderer.java:568)
	at org.apache.fop.render.AbstractRenderer.renderBodyRegion(AbstractRenderer.java:433)
	at org.apache.fop.render.AbstractRenderer.renderRegionViewport(AbstractRenderer.java:380)
	at org.apache.fop.render.intermediate.IFRenderer.renderRegionViewport(IFRenderer.java:740)
	at org.apache.fop.render.AbstractRenderer.renderPageAreas(AbstractRenderer.java:345)
	at org.apache.fop.render.AbstractRenderer.renderPage(AbstractRenderer.java:318)
	at org.apache.fop.render.intermediate.IFRenderer.renderPage(IFRenderer.java:589)
	at org.apache.fop.area.RenderPagesModel.renderPage(RenderPagesModel.java:193)
	at org.apache.fop.area.RenderPagesModel.checkPreparedPages(RenderPagesModel.java:174)
	at org.apache.fop.area.RenderPagesModel.endDocument(RenderPagesModel.java:258)
	at org.apache.fop.area.AreaTreeHandler.endDocument(AreaTreeHandler.java:342)
	at org.apache.fop.fo.DelegatingFOEventHandler.endDocument(DelegatingFOEventHandler.java:94)
	at org.apache.fop.accessibility.fo.FO2StructureTreeConverter.endDocument(FO2StructureTreeConverter.java:160)
	at org.apache.fop.fo.FOTreeBuilder.endDocument(FOTreeBuilder.java:172)
	at org.apache.xalan.transformer.TransformerIdentityImpl.endDocument(TransformerIdentityImpl.java:1010)
	at java.xml/com.sun.org.apache.xerces.internal.parsers.AbstractSAXParser.endDocument(AbstractSAXParser.java:754)
	at java.xml/com.sun.org.apache.xerces.internal.impl.XMLDocumentFragmentScannerImpl.scanDocument(XMLDocumentFragmentScannerImpl.java:547)
	at java.xml/com.sun.org.apache.xerces.internal.parsers.XML11Configuration.parse(XML11Configuration.java:889)
	at java.xml/com.sun.org.apache.xerces.internal.parsers.XML11Configuration.parse(XML11Configuration.java:825)
	at java.xml/com.sun.org.apache.xerces.internal.parsers.XMLParser.parse(XMLParser.java:141)
	at java.xml/com.sun.org.apache.xerces.internal.parsers.AbstractSAXParser.parse(AbstractSAXParser.java:1224)
	at org.apache.xalan.transformer.TransformerIdentityImpl.transform(TransformerIdentityImpl.java:519)
	at org.metanorma.fop.PDFGenerator.runFOP(PDFGenerator.java:943)
	at org.metanorma.fop.PDFGenerator.convertmn2pdf(PDFGenerator.java:747)
	at org.metanorma.fop.PDFGenerator.process(PDFGenerator.java:408)
	at org.metanorma.fop.mn2pdf.main(mn2pdf.java:383)

SVG error: file:/__w/ogc-muddi-mds/ogc-muddi-mds/_site/documents/mds-guide/:
The attribute "style" represents an invalid CSS declaration ("font-family:Carlito; font-weight:0; font-style:normal; font-size:7pt; fill:#595959;fill-opacity:1.00; stroke:#000000; stroke-opacity:0.00 stroke-width:0; white-space: pre;").
Original message:
The number '0' represents an invalid value for the 'font-weight' property.
org.w3c.dom.DOMException: file:/__w/ogc-muddi-mds/ogc-muddi-mds/_site/documents/mds-guide/:
The attribute "style" represents an invalid CSS declaration ("font-family:Carlito; font-weight:0; font-style:normal; font-size:7pt; fill:#595959;fill-opacity:1.00; stroke:#000000; stroke-opacity:0.00 stroke-width:0; white-space: pre;").
Original message:
The number '0' represents an invalid value for the 'font-weight' property.
	at org.apache.batik.css.engine.CSSEngine.getCascadedStyleMap(CSSEngine.java:824)
	at org.apache.batik.css.engine.CSSEngine.getComputedStyle(CSSEngine.java:867)
	at org.apache.batik.bridge.CSSUtilities.getComputedStyle(CSSUtilities.java:81)
	at org.apache.batik.bridge.CSSUtilities.convertDisplay(CSSUtilities.java:563)
	at org.apache.batik.bridge.GVTBuilder.buildGraphicsNode(GVTBuilder.java:206)
	at org.apache.batik.bridge.GVTBuilder.buildComposite(GVTBuilder.java:171)
	at org.apache.batik.bridge.GVTBuilder.buildGraphicsNode(GVTBuilder.java:219)
	at org.apache.batik.bridge.GVTBuilder.buildComposite(GVTBuilder.java:171)
	at org.apache.batik.bridge.GVTBuilder.build(GVTBuilder.java:82)
	at org.apache.fop.render.pdf.PDFImageHandlerSVG.handleImage(PDFImageHandlerSVG.java:104)
	at org.apache.fop.render.intermediate.AbstractIFPainter.drawImage(AbstractIFPainter.java:255)
	at org.apache.fop.render.intermediate.AbstractIFPainter.drawImage(AbstractIFPainter.java:211)
	at org.apache.fop.render.intermediate.AbstractIFPainter.drawImageUsingImageHandler(AbstractIFPainter.java:174)
	at org.apache.fop.render.intermediate.AbstractIFPainter.drawImageUsingDocument(AbstractIFPainter.java:325)
	at org.apache.fop.render.pdf.PDFPainter.drawImage(PDFPainter.java:291)
	at org.apache.fop.render.intermediate.IFRenderer.renderForeignObject(IFRenderer.java:1375)
	at org.apache.fop.render.AbstractRenderer.renderInlineViewport(AbstractRenderer.java:1034)
	at org.apache.fop.render.AbstractPathOrientedRenderer.renderInlineViewport(AbstractPathOrientedRenderer.java:836)
	at org.apache.fop.render.intermediate.IFRenderer.renderInlineViewport(IFRenderer.java:865)
	at org.apache.fop.render.AbstractRenderer.renderInlineArea(AbstractRenderer.java:877)
	at org.apache.fop.render.intermediate.IFRenderer.renderInlineArea(IFRenderer.java:929)
	at org.apache.fop.render.AbstractRenderer.renderLineArea(AbstractRenderer.java:845)
	at org.apache.fop.render.AbstractRenderer.renderBlocks(AbstractRenderer.java:704)
	at org.apache.fop.render.AbstractRenderer.renderBlock(AbstractRenderer.java:758)
	at org.apache.fop.render.intermediate.IFRenderer.renderBlock(IFRenderer.java:1009)
	at org.apache.fop.render.AbstractRenderer.renderBlocks(AbstractRenderer.java:689)
	at org.apache.fop.render.AbstractRenderer.renderBlock(AbstractRenderer.java:758)
	at org.apache.fop.render.intermediate.IFRenderer.renderBlock(IFRenderer.java:1009)
	at org.apache.fop.render.AbstractRenderer.renderBlocks(AbstractRenderer.java:689)
	at org.apache.fop.render.AbstractPathOrientedRenderer.renderReferenceArea(AbstractPathOrientedRenderer.java:759)
	at org.apache.fop.render.AbstractRenderer.renderBlock(AbstractRenderer.java:744)
	at org.apache.fop.render.intermediate.IFRenderer.renderBlock(IFRenderer.java:1009)
	at org.apache.fop.render.AbstractRenderer.renderBlocks(AbstractRenderer.java:689)
	at org.apache.fop.render.intermediate.IFRenderer.renderBlockViewport(IFRenderer.java:845)
	at org.apache.fop.render.AbstractRenderer.renderBlock(AbstractRenderer.java:737)
	at org.apache.fop.render.intermediate.IFRenderer.renderBlock(IFRenderer.java:1009)
	at org.apache.fop.render.AbstractRenderer.renderBlocks(AbstractRenderer.java:689)
	at org.apache.fop.render.AbstractRenderer.renderBlock(AbstractRenderer.java:758)
	at org.apache.fop.render.intermediate.IFRenderer.renderBlock(IFRenderer.java:1009)
	at org.apache.fop.render.AbstractRenderer.renderBlocks(AbstractRenderer.java:689)
	at org.apache.fop.render.AbstractPathOrientedRenderer.renderReferenceArea(AbstractPathOrientedRenderer.java:759)
	at org.apache.fop.render.AbstractRenderer.renderBlock(AbstractRenderer.java:744)
	at org.apache.fop.render.intermediate.IFRenderer.renderBlock(IFRenderer.java:1009)
	at org.apache.fop.render.AbstractRenderer.renderBlocks(AbstractRenderer.java:689)
	at org.apache.fop.render.intermediate.IFRenderer.renderBlockViewport(IFRenderer.java:845)
	at org.apache.fop.render.AbstractRenderer.renderBlock(AbstractRenderer.java:737)
	at org.apache.fop.render.intermediate.IFRenderer.renderBlock(IFRenderer.java:1009)
	at org.apache.fop.render.AbstractRenderer.renderBlocks(AbstractRenderer.java:689)
	at org.apache.fop.render.AbstractRenderer.renderBlock(AbstractRenderer.java:758)
	at org.apache.fop.render.intermediate.IFRenderer.renderBlock(IFRenderer.java:1009)
	at org.apache.fop.render.AbstractRenderer.renderBlocks(AbstractRenderer.java:689)
	at org.apache.fop.render.AbstractRenderer.renderBlock(AbstractRenderer.java:758)
	at org.apache.fop.render.intermediate.IFRenderer.renderBlock(IFRenderer.java:1009)
	at org.apache.fop.render.AbstractRenderer.renderBlocks(AbstractRenderer.java:689)
	at org.apache.fop.render.AbstractRenderer.renderBlock(AbstractRenderer.java:758)
	at org.apache.fop.render.intermediate.IFRenderer.renderBlock(IFRenderer.java:1009)
	at org.apache.fop.render.AbstractRenderer.renderBlocks(AbstractRenderer.java:689)
	at org.apache.fop.render.AbstractRenderer.renderFlow(AbstractRenderer.java:591)
	at org.apache.fop.render.AbstractPathOrientedRenderer.renderFlow(AbstractPathOrientedRenderer.java:789)
	at org.apache.fop.render.AbstractRenderer.renderMainReference(AbstractRenderer.java:568)
	at org.apache.fop.render.AbstractRenderer.renderBodyRegion(AbstractRenderer.java:433)
	at org.apache.fop.render.AbstractRenderer.renderRegionViewport(AbstractRenderer.java:380)
	at org.apache.fop.render.intermediate.IFRenderer.renderRegionViewport(IFRenderer.java:740)
	at org.apache.fop.render.AbstractRenderer.renderPageAreas(AbstractRenderer.java:345)
	at org.apache.fop.render.AbstractRenderer.renderPage(AbstractRenderer.java:318)
	at org.apache.fop.render.intermediate.IFRenderer.renderPage(IFRenderer.java:589)
	at org.apache.fop.area.RenderPagesModel.renderPage(RenderPagesModel.java:193)
	at org.apache.fop.area.RenderPagesModel.checkPreparedPages(RenderPagesModel.java:174)
	at org.apache.fop.area.RenderPagesModel.endDocument(RenderPagesModel.java:258)
	at org.apache.fop.area.AreaTreeHandler.endDocument(AreaTreeHandler.java:342)
	at org.apache.fop.fo.DelegatingFOEventHandler.endDocument(DelegatingFOEventHandler.java:94)
	at org.apache.fop.accessibility.fo.FO2StructureTreeConverter.endDocument(FO2StructureTreeConverter.java:160)
	at org.apache.fop.fo.FOTreeBuilder.endDocument(FOTreeBuilder.java:172)
	at org.apache.xalan.transformer.TransformerIdentityImpl.endDocument(TransformerIdentityImpl.java:1010)
	at java.xml/com.sun.org.apache.xerces.internal.parsers.AbstractSAXParser.endDocument(AbstractSAXParser.java:754)
	at java.xml/com.sun.org.apache.xerces.internal.impl.XMLDocumentFragmentScannerImpl.scanDocument(XMLDocumentFragmentScannerImpl.java:547)
	at java.xml/com.sun.org.apache.xerces.internal.parsers.XML11Configuration.parse(XML11Configuration.java:889)
	at java.xml/com.sun.org.apache.xerces.internal.parsers.XML11Configuration.parse(XML11Configuration.java:825)
	at java.xml/com.sun.org.apache.xerces.internal.parsers.XMLParser.parse(XMLParser.java:141)
	at java.xml/com.sun.org.apache.xerces.internal.parsers.AbstractSAXParser.parse(AbstractSAXParser.java:1224)
	at org.apache.xalan.transformer.TransformerIdentityImpl.transform(TransformerIdentityImpl.java:519)
	at org.metanorma.fop.PDFGenerator.runFOP(PDFGenerator.java:943)
	at org.metanorma.fop.PDFGenerator.convertmn2pdf(PDFGenerator.java:747)
	at org.metanorma.fop.PDFGenerator.process(PDFGenerator.java:408)
	at org.metanorma.fop.mn2pdf.main(mn2pdf.java:383)

SVG error: file:/__w/ogc-muddi-mds/ogc-muddi-mds/_site/documents/mds-guide/:
The attribute "style" represents an invalid CSS declaration ("font-family:Carlito; font-weight:0; font-style:normal; font-size:7pt; fill:#595959;fill-opacity:1.00; stroke:#000000; stroke-opacity:0.00 stroke-width:0; white-space: pre;").
Original message:
The number '0' represents an invalid value for the 'font-weight' property.
org.w3c.dom.DOMException: file:/__w/ogc-muddi-mds/ogc-muddi-mds/_site/documents/mds-guide/:
The attribute "style" represents an invalid CSS declaration ("font-family:Carlito; font-weight:0; font-style:normal; font-size:7pt; fill:#595959;fill-opacity:1.00; stroke:#000000; stroke-opacity:0.00 stroke-width:0; white-space: pre;").
Original message:
The number '0' represents an invalid value for the 'font-weight' property.
	at org.apache.batik.css.engine.CSSEngine.getCascadedStyleMap(CSSEngine.java:824)
	at org.apache.batik.css.engine.CSSEngine.getComputedStyle(CSSEngine.java:867)
	at org.apache.batik.bridge.CSSUtilities.getComputedStyle(CSSUtilities.java:81)
	at org.apache.batik.bridge.CSSUtilities.convertDisplay(CSSUtilities.java:563)
	at org.apache.batik.bridge.GVTBuilder.buildGraphicsNode(GVTBuilder.java:206)
	at org.apache.batik.bridge.GVTBuilder.buildComposite(GVTBuilder.java:171)
	at org.apache.batik.bridge.GVTBuilder.buildGraphicsNode(GVTBuilder.java:219)
	at org.apache.batik.bridge.GVTBuilder.buildComposite(GVTBuilder.java:171)
	at org.apache.batik.bridge.GVTBuilder.build(GVTBuilder.java:82)
	at org.apache.fop.render.pdf.PDFImageHandlerSVG.handleImage(PDFImageHandlerSVG.java:104)
	at org.apache.fop.render.intermediate.AbstractIFPainter.drawImage(AbstractIFPainter.java:255)
	at org.apache.fop.render.intermediate.AbstractIFPainter.drawImage(AbstractIFPainter.java:211)
	at org.apache.fop.render.intermediate.AbstractIFPainter.drawImageUsingImageHandler(AbstractIFPainter.java:174)
	at org.apache.fop.render.intermediate.AbstractIFPainter.drawImageUsingDocument(AbstractIFPainter.java:325)
	at org.apache.fop.render.pdf.PDFPainter.drawImage(PDFPainter.java:291)
	at org.apache.fop.render.intermediate.IFRenderer.renderForeignObject(IFRenderer.java:1375)
	at org.apache.fop.render.AbstractRenderer.renderInlineViewport(AbstractRenderer.java:1034)
	at org.apache.fop.render.AbstractPathOrientedRenderer.renderInlineViewport(AbstractPathOrientedRenderer.java:836)
	at org.apache.fop.render.intermediate.IFRenderer.renderInlineViewport(IFRenderer.java:865)
	at org.apache.fop.render.AbstractRenderer.renderInlineArea(AbstractRenderer.java:877)
	at org.apache.fop.render.intermediate.IFRenderer.renderInlineArea(IFRenderer.java:929)
	at org.apache.fop.render.AbstractRenderer.renderLineArea(AbstractRenderer.java:845)
	at org.apache.fop.render.AbstractRenderer.renderBlocks(AbstractRenderer.java:704)
	at org.apache.fop.render.AbstractRenderer.renderBlock(AbstractRenderer.java:758)
	at org.apache.fop.render.intermediate.IFRenderer.renderBlock(IFRenderer.java:1009)
	at org.apache.fop.render.AbstractRenderer.renderBlocks(AbstractRenderer.java:689)
	at org.apache.fop.render.AbstractRenderer.renderBlock(AbstractRenderer.java:758)
	at org.apache.fop.render.intermediate.IFRenderer.renderBlock(IFRenderer.java:1009)
	at org.apache.fop.render.AbstractRenderer.renderBlocks(AbstractRenderer.java:689)
	at org.apache.fop.render.AbstractPathOrientedRenderer.renderReferenceArea(AbstractPathOrientedRenderer.java:759)
	at org.apache.fop.render.AbstractRenderer.renderBlock(AbstractRenderer.java:744)
	at org.apache.fop.render.intermediate.IFRenderer.renderBlock(IFRenderer.java:1009)
	at org.apache.fop.render.AbstractRenderer.renderBlocks(AbstractRenderer.java:689)
	at org.apache.fop.render.intermediate.IFRenderer.renderBlockViewport(IFRenderer.java:845)
	at org.apache.fop.render.AbstractRenderer.renderBlock(AbstractRenderer.java:737)
	at org.apache.fop.render.intermediate.IFRenderer.renderBlock(IFRenderer.java:1009)
	at org.apache.fop.render.AbstractRenderer.renderBlocks(AbstractRenderer.java:689)
	at org.apache.fop.render.AbstractRenderer.renderBlock(AbstractRenderer.java:758)
	at org.apache.fop.render.intermediate.IFRenderer.renderBlock(IFRenderer.java:1009)
	at org.apache.fop.render.AbstractRenderer.renderBlocks(AbstractRenderer.java:689)
	at org.apache.fop.render.AbstractPathOrientedRenderer.renderReferenceArea(AbstractPathOrientedRenderer.java:759)
	at org.apache.fop.render.AbstractRenderer.renderBlock(AbstractRenderer.java:744)
	at org.apache.fop.render.intermediate.IFRenderer.renderBlock(IFRenderer.java:1009)
	at org.apache.fop.render.AbstractRenderer.renderBlocks(AbstractRenderer.java:689)
	at org.apache.fop.render.intermediate.IFRenderer.renderBlockViewport(IFRenderer.java:845)
	at org.apache.fop.render.AbstractRenderer.renderBlock(AbstractRenderer.java:737)
	at org.apache.fop.render.intermediate.IFRenderer.renderBlock(IFRenderer.java:1009)
	at org.apache.fop.render.AbstractRenderer.renderBlocks(AbstractRenderer.java:689)
	at org.apache.fop.render.AbstractRenderer.renderBlock(AbstractRenderer.java:758)
	at org.apache.fop.render.intermediate.IFRenderer.renderBlock(IFRenderer.java:1009)
	at org.apache.fop.render.AbstractRenderer.renderBlocks(AbstractRenderer.java:689)
	at org.apache.fop.render.AbstractRenderer.renderBlock(AbstractRenderer.java:758)
	at org.apache.fop.render.intermediate.IFRenderer.renderBlock(IFRenderer.java:1009)
	at org.apache.fop.render.AbstractRenderer.renderBlocks(AbstractRenderer.java:689)
	at org.apache.fop.render.AbstractRenderer.renderBlock(AbstractRenderer.java:758)
	at org.apache.fop.render.intermediate.IFRenderer.renderBlock(IFRenderer.java:1009)
	at org.apache.fop.render.AbstractRenderer.renderBlocks(AbstractRenderer.java:689)
	at org.apache.fop.render.AbstractRenderer.renderFlow(AbstractRenderer.java:591)
	at org.apache.fop.render.AbstractPathOrientedRenderer.renderFlow(AbstractPathOrientedRenderer.java:789)
	at org.apache.fop.render.AbstractRenderer.renderMainReference(AbstractRenderer.java:568)
	at org.apache.fop.render.AbstractRenderer.renderBodyRegion(AbstractRenderer.java:433)
	at org.apache.fop.render.AbstractRenderer.renderRegionViewport(AbstractRenderer.java:380)
	at org.apache.fop.render.intermediate.IFRenderer.renderRegionViewport(IFRenderer.java:740)
	at org.apache.fop.render.AbstractRenderer.renderPageAreas(AbstractRenderer.java:345)
	at org.apache.fop.render.AbstractRenderer.renderPage(AbstractRenderer.java:318)
	at org.apache.fop.render.intermediate.IFRenderer.renderPage(IFRenderer.java:589)
	at org.apache.fop.area.RenderPagesModel.renderPage(RenderPagesModel.java:193)
	at org.apache.fop.area.RenderPagesModel.checkPreparedPages(RenderPagesModel.java:174)
	at org.apache.fop.area.RenderPagesModel.endDocument(RenderPagesModel.java:258)
	at org.apache.fop.area.AreaTreeHandler.endDocument(AreaTreeHandler.java:342)
	at org.apache.fop.fo.DelegatingFOEventHandler.endDocument(DelegatingFOEventHandler.java:94)
	at org.apache.fop.accessibility.fo.FO2StructureTreeConverter.endDocument(FO2StructureTreeConverter.java:160)
	at org.apache.fop.fo.FOTreeBuilder.endDocument(FOTreeBuilder.java:172)
	at org.apache.xalan.transformer.TransformerIdentityImpl.endDocument(TransformerIdentityImpl.java:1010)
	at java.xml/com.sun.org.apache.xerces.internal.parsers.AbstractSAXParser.endDocument(AbstractSAXParser.java:754)
	at java.xml/com.sun.org.apache.xerces.internal.impl.XMLDocumentFragmentScannerImpl.scanDocument(XMLDocumentFragmentScannerImpl.java:547)
	at java.xml/com.sun.org.apache.xerces.internal.parsers.XML11Configuration.parse(XML11Configuration.java:889)
	at java.xml/com.sun.org.apache.xerces.internal.parsers.XML11Configuration.parse(XML11Configuration.java:825)
	at java.xml/com.sun.org.apache.xerces.internal.parsers.XMLParser.parse(XMLParser.java:141)
	at java.xml/com.sun.org.apache.xerces.internal.parsers.AbstractSAXParser.parse(AbstractSAXParser.java:1224)
	at org.apache.xalan.transformer.TransformerIdentityImpl.transform(TransformerIdentityImpl.java:519)
	at org.metanorma.fop.PDFGenerator.runFOP(PDFGenerator.java:943)
	at org.metanorma.fop.PDFGenerator.convertmn2pdf(PDFGenerator.java:747)
	at org.metanorma.fop.PDFGenerator.process(PDFGenerator.java:408)
	at org.metanorma.fop.mn2pdf.main(mn2pdf.java:383)

SVG error: file:/__w/ogc-muddi-mds/ogc-muddi-mds/_site/documents/mds-guide/:
The attribute "style" represents an invalid CSS declaration ("font-family:Carlito; font-weight:0; font-style:normal; font-size:7pt; fill:#595959;fill-opacity:1.00; stroke:#000000; stroke-opacity:0.00 stroke-width:0; white-space: pre;").
Original message:
The number '0' represents an invalid value for the 'font-weight' property.
org.w3c.dom.DOMException: file:/__w/ogc-muddi-mds/ogc-muddi-mds/_site/documents/mds-guide/:
The attribute "style" represents an invalid CSS declaration ("font-family:Carlito; font-weight:0; font-style:normal; font-size:7pt; fill:#595959;fill-opacity:1.00; stroke:#000000; stroke-opacity:0.00 stroke-width:0; white-space: pre;").
Original message:
The number '0' represents an invalid value for the 'font-weight' property.
	at org.apache.batik.css.engine.CSSEngine.getCascadedStyleMap(CSSEngine.java:824)
	at org.apache.batik.css.engine.CSSEngine.getComputedStyle(CSSEngine.java:867)
	at org.apache.batik.bridge.CSSUtilities.getComputedStyle(CSSUtilities.java:81)
	at org.apache.batik.bridge.CSSUtilities.convertDisplay(CSSUtilities.java:563)
	at org.apache.batik.bridge.GVTBuilder.buildGraphicsNode(GVTBuilder.java:206)
	at org.apache.batik.bridge.GVTBuilder.buildComposite(GVTBuilder.java:171)
	at org.apache.batik.bridge.GVTBuilder.buildGraphicsNode(GVTBuilder.java:219)
	at org.apache.batik.bridge.GVTBuilder.buildComposite(GVTBuilder.java:171)
	at org.apache.batik.bridge.GVTBuilder.build(GVTBuilder.java:82)
	at org.apache.fop.render.pdf.PDFImageHandlerSVG.handleImage(PDFImageHandlerSVG.java:104)
	at org.apache.fop.render.intermediate.AbstractIFPainter.drawImage(AbstractIFPainter.java:255)
	at org.apache.fop.render.intermediate.AbstractIFPainter.drawImage(AbstractIFPainter.java:211)
	at org.apache.fop.render.intermediate.AbstractIFPainter.drawImageUsingImageHandler(AbstractIFPainter.java:174)
	at org.apache.fop.render.intermediate.AbstractIFPainter.drawImageUsingDocument(AbstractIFPainter.java:325)
	at org.apache.fop.render.pdf.PDFPainter.drawImage(PDFPainter.java:291)
	at org.apache.fop.render.intermediate.IFRenderer.renderForeignObject(IFRenderer.java:1375)
	at org.apache.fop.render.AbstractRenderer.renderInlineViewport(AbstractRenderer.java:1034)
	at org.apache.fop.render.AbstractPathOrientedRenderer.renderInlineViewport(AbstractPathOrientedRenderer.java:836)
	at org.apache.fop.render.intermediate.IFRenderer.renderInlineViewport(IFRenderer.java:865)
	at org.apache.fop.render.AbstractRenderer.renderInlineArea(AbstractRenderer.java:877)
	at org.apache.fop.render.intermediate.IFRenderer.renderInlineArea(IFRenderer.java:929)
	at org.apache.fop.render.AbstractRenderer.renderLineArea(AbstractRenderer.java:845)
	at org.apache.fop.render.AbstractRenderer.renderBlocks(AbstractRenderer.java:704)
	at org.apache.fop.render.AbstractRenderer.renderBlock(AbstractRenderer.java:758)
	at org.apache.fop.render.intermediate.IFRenderer.renderBlock(IFRenderer.java:1009)
	at org.apache.fop.render.AbstractRenderer.renderBlocks(AbstractRenderer.java:689)
	at org.apache.fop.render.AbstractRenderer.renderBlock(AbstractRenderer.java:758)
	at org.apache.fop.render.intermediate.IFRenderer.renderBlock(IFRenderer.java:1009)
	at org.apache.fop.render.AbstractRenderer.renderBlocks(AbstractRenderer.java:689)
	at org.apache.fop.render.AbstractPathOrientedRenderer.renderReferenceArea(AbstractPathOrientedRenderer.java:759)
	at org.apache.fop.render.AbstractRenderer.renderBlock(AbstractRenderer.java:744)
	at org.apache.fop.render.intermediate.IFRenderer.renderBlock(IFRenderer.java:1009)
	at org.apache.fop.render.AbstractRenderer.renderBlocks(AbstractRenderer.java:689)
	at org.apache.fop.render.intermediate.IFRenderer.renderBlockViewport(IFRenderer.java:845)
	at org.apache.fop.render.AbstractRenderer.renderBlock(AbstractRenderer.java:737)
	at org.apache.fop.render.intermediate.IFRenderer.renderBlock(IFRenderer.java:1009)
	at org.apache.fop.render.AbstractRenderer.renderBlocks(AbstractRenderer.java:689)
	at org.apache.fop.render.AbstractRenderer.renderBlock(AbstractRenderer.java:758)
	at org.apache.fop.render.intermediate.IFRenderer.renderBlock(IFRenderer.java:1009)
	at org.apache.fop.render.AbstractRenderer.renderBlocks(AbstractRenderer.java:689)
	at org.apache.fop.render.AbstractPathOrientedRenderer.renderReferenceArea(AbstractPathOrientedRenderer.java:759)
	at org.apache.fop.render.AbstractRenderer.renderBlock(AbstractRenderer.java:744)
	at org.apache.fop.render.intermediate.IFRenderer.renderBlock(IFRenderer.java:1009)
	at org.apache.fop.render.AbstractRenderer.renderBlocks(AbstractRenderer.java:689)
	at org.apache.fop.render.intermediate.IFRenderer.renderBlockViewport(IFRenderer.java:845)
	at org.apache.fop.render.AbstractRenderer.renderBlock(AbstractRenderer.java:737)
	at org.apache.fop.render.intermediate.IFRenderer.renderBlock(IFRenderer.java:1009)
	at org.apache.fop.render.AbstractRenderer.renderBlocks(AbstractRenderer.java:689)
	at org.apache.fop.render.AbstractRenderer.renderBlock(AbstractRenderer.java:758)
	at org.apache.fop.render.intermediate.IFRenderer.renderBlock(IFRenderer.java:1009)
	at org.apache.fop.render.AbstractRenderer.renderBlocks(AbstractRenderer.java:689)
	at org.apache.fop.render.AbstractRenderer.renderBlock(AbstractRenderer.java:758)
	at org.apache.fop.render.intermediate.IFRenderer.renderBlock(IFRenderer.java:1009)
	at org.apache.fop.render.AbstractRenderer.renderBlocks(AbstractRenderer.java:689)
	at org.apache.fop.render.AbstractRenderer.renderBlock(AbstractRenderer.java:758)
	at org.apache.fop.render.intermediate.IFRenderer.renderBlock(IFRenderer.java:1009)
	at org.apache.fop.render.AbstractRenderer.renderBlocks(AbstractRenderer.java:689)
	at org.apache.fop.render.AbstractRenderer.renderFlow(AbstractRenderer.java:591)
	at org.apache.fop.render.AbstractPathOrientedRenderer.renderFlow(AbstractPathOrientedRenderer.java:789)
	at org.apache.fop.render.AbstractRenderer.renderMainReference(AbstractRenderer.java:568)
	at org.apache.fop.render.AbstractRenderer.renderBodyRegion(AbstractRenderer.java:433)
	at org.apache.fop.render.AbstractRenderer.renderRegionViewport(AbstractRenderer.java:380)
	at org.apache.fop.render.intermediate.IFRenderer.renderRegionViewport(IFRenderer.java:740)
	at org.apache.fop.render.AbstractRenderer.renderPageAreas(AbstractRenderer.java:345)
	at org.apache.fop.render.AbstractRenderer.renderPage(AbstractRenderer.java:318)
	at org.apache.fop.render.intermediate.IFRenderer.renderPage(IFRenderer.java:589)
	at org.apache.fop.area.RenderPagesModel.renderPage(RenderPagesModel.java:193)
	at org.apache.fop.area.RenderPagesModel.checkPreparedPages(RenderPagesModel.java:174)
	at org.apache.fop.area.RenderPagesModel.endDocument(RenderPagesModel.java:258)
	at org.apache.fop.area.AreaTreeHandler.endDocument(AreaTreeHandler.java:342)
	at org.apache.fop.fo.DelegatingFOEventHandler.endDocument(DelegatingFOEventHandler.java:94)
	at org.apache.fop.accessibility.fo.FO2StructureTreeConverter.endDocument(FO2StructureTreeConverter.java:160)
	at org.apache.fop.fo.FOTreeBuilder.endDocument(FOTreeBuilder.java:172)
	at org.apache.xalan.transformer.TransformerIdentityImpl.endDocument(TransformerIdentityImpl.java:1010)
	at java.xml/com.sun.org.apache.xerces.internal.parsers.AbstractSAXParser.endDocument(AbstractSAXParser.java:754)
	at java.xml/com.sun.org.apache.xerces.internal.impl.XMLDocumentFragmentScannerImpl.scanDocument(XMLDocumentFragmentScannerImpl.java:547)
	at java.xml/com.sun.org.apache.xerces.internal.parsers.XML11Configuration.parse(XML11Configuration.java:889)
	at java.xml/com.sun.org.apache.xerces.internal.parsers.XML11Configuration.parse(XML11Configuration.java:825)
	at java.xml/com.sun.org.apache.xerces.internal.parsers.XMLParser.parse(XMLParser.java:141)
	at java.xml/com.sun.org.apache.xerces.internal.parsers.AbstractSAXParser.parse(AbstractSAXParser.java:1224)
	at org.apache.xalan.transformer.TransformerIdentityImpl.transform(TransformerIdentityImpl.java:519)
	at org.metanorma.fop.PDFGenerator.runFOP(PDFGenerator.java:943)
	at org.metanorma.fop.PDFGenerator.convertmn2pdf(PDFGenerator.java:747)
	at org.metanorma.fop.PDFGenerator.process(PDFGenerator.java:408)
	at org.metanorma.fop.mn2pdf.main(mn2pdf.java:383)

SVG error: file:/__w/ogc-muddi-mds/ogc-muddi-mds/_site/documents/mds-guide/:
The attribute "style" represents an invalid CSS declaration ("font-family:Carlito; font-weight:0; font-style:normal; font-size:7pt; fill:#595959;fill-opacity:1.00; stroke:#000000; stroke-opacity:0.00 stroke-width:0; white-space: pre;").
Original message:
The number '0' represents an invalid value for the 'font-weight' property.
org.w3c.dom.DOMException: file:/__w/ogc-muddi-mds/ogc-muddi-mds/_site/documents/mds-guide/:
The attribute "style" represents an invalid CSS declaration ("font-family:Carlito; font-weight:0; font-style:normal; font-size:7pt; fill:#595959;fill-opacity:1.00; stroke:#000000; stroke-opacity:0.00 stroke-width:0; white-space: pre;").
Original message:
The number '0' represents an invalid value for the 'font-weight' property.
	at org.apache.batik.css.engine.CSSEngine.getCascadedStyleMap(CSSEngine.java:824)
	at org.apache.batik.css.engine.CSSEngine.getComputedStyle(CSSEngine.java:867)
	at org.apache.batik.bridge.CSSUtilities.getComputedStyle(CSSUtilities.java:81)
	at org.apache.batik.bridge.CSSUtilities.convertDisplay(CSSUtilities.java:563)
	at org.apache.batik.bridge.GVTBuilder.buildGraphicsNode(GVTBuilder.java:206)
	at org.apache.batik.bridge.GVTBuilder.buildComposite(GVTBuilder.java:171)
	at org.apache.batik.bridge.GVTBuilder.buildGraphicsNode(GVTBuilder.java:219)
	at org.apache.batik.bridge.GVTBuilder.buildComposite(GVTBuilder.java:171)
	at org.apache.batik.bridge.GVTBuilder.build(GVTBuilder.java:82)
	at org.apache.fop.render.pdf.PDFImageHandlerSVG.handleImage(PDFImageHandlerSVG.java:104)
	at org.apache.fop.render.intermediate.AbstractIFPainter.drawImage(AbstractIFPainter.java:255)
	at org.apache.fop.render.intermediate.AbstractIFPainter.drawImage(AbstractIFPainter.java:211)
	at org.apache.fop.render.intermediate.AbstractIFPainter.drawImageUsingImageHandler(AbstractIFPainter.java:174)
	at org.apache.fop.render.intermediate.AbstractIFPainter.drawImageUsingDocument(AbstractIFPainter.java:325)
	at org.apache.fop.render.pdf.PDFPainter.drawImage(PDFPainter.java:291)
	at org.apache.fop.render.intermediate.IFRenderer.renderForeignObject(IFRenderer.java:1375)
	at org.apache.fop.render.AbstractRenderer.renderInlineViewport(AbstractRenderer.java:1034)
	at org.apache.fop.render.AbstractPathOrientedRenderer.renderInlineViewport(AbstractPathOrientedRenderer.java:836)
	at org.apache.fop.render.intermediate.IFRenderer.renderInlineViewport(IFRenderer.java:865)
	at org.apache.fop.render.AbstractRenderer.renderInlineArea(AbstractRenderer.java:877)
	at org.apache.fop.render.intermediate.IFRenderer.renderInlineArea(IFRenderer.java:929)
	at org.apache.fop.render.AbstractRenderer.renderLineArea(AbstractRenderer.java:845)
	at org.apache.fop.render.AbstractRenderer.renderBlocks(AbstractRenderer.java:704)
	at org.apache.fop.render.AbstractRenderer.renderBlock(AbstractRenderer.java:758)
	at org.apache.fop.render.intermediate.IFRenderer.renderBlock(IFRenderer.java:1009)
	at org.apache.fop.render.AbstractRenderer.renderBlocks(AbstractRenderer.java:689)
	at org.apache.fop.render.AbstractRenderer.renderBlock(AbstractRenderer.java:758)
	at org.apache.fop.render.intermediate.IFRenderer.renderBlock(IFRenderer.java:1009)
	at org.apache.fop.render.AbstractRenderer.renderBlocks(AbstractRenderer.java:689)
	at org.apache.fop.render.AbstractPathOrientedRenderer.renderReferenceArea(AbstractPathOrientedRenderer.java:759)
	at org.apache.fop.render.AbstractRenderer.renderBlock(AbstractRenderer.java:744)
	at org.apache.fop.render.intermediate.IFRenderer.renderBlock(IFRenderer.java:1009)
	at org.apache.fop.render.AbstractRenderer.renderBlocks(AbstractRenderer.java:689)
	at org.apache.fop.render.intermediate.IFRenderer.renderBlockViewport(IFRenderer.java:845)
	at org.apache.fop.render.AbstractRenderer.renderBlock(AbstractRenderer.java:737)
	at org.apache.fop.render.intermediate.IFRenderer.renderBlock(IFRenderer.java:1009)
	at org.apache.fop.render.AbstractRenderer.renderBlocks(AbstractRenderer.java:689)
	at org.apache.fop.render.AbstractRenderer.renderBlock(AbstractRenderer.java:758)
	at org.apache.fop.render.intermediate.IFRenderer.renderBlock(IFRenderer.java:1009)
	at org.apache.fop.render.AbstractRenderer.renderBlocks(AbstractRenderer.java:689)
	at org.apache.fop.render.AbstractPathOrientedRenderer.renderReferenceArea(AbstractPathOrientedRenderer.java:759)
	at org.apache.fop.render.AbstractRenderer.renderBlock(AbstractRenderer.java:744)
	at org.apache.fop.render.intermediate.IFRenderer.renderBlock(IFRenderer.java:1009)
	at org.apache.fop.render.AbstractRenderer.renderBlocks(AbstractRenderer.java:689)
	at org.apache.fop.render.intermediate.IFRenderer.renderBlockViewport(IFRenderer.java:845)
	at org.apache.fop.render.AbstractRenderer.renderBlock(AbstractRenderer.java:737)
	at org.apache.fop.render.intermediate.IFRenderer.renderBlock(IFRenderer.java:1009)
	at org.apache.fop.render.AbstractRenderer.renderBlocks(AbstractRenderer.java:689)
	at org.apache.fop.render.AbstractRenderer.renderBlock(AbstractRenderer.java:758)
	at org.apache.fop.render.intermediate.IFRenderer.renderBlock(IFRenderer.java:1009)
	at org.apache.fop.render.AbstractRenderer.renderBlocks(AbstractRenderer.java:689)
	at org.apache.fop.render.AbstractRenderer.renderBlock(AbstractRenderer.java:758)
	at org.apache.fop.render.intermediate.IFRenderer.renderBlock(IFRenderer.java:1009)
	at org.apache.fop.render.AbstractRenderer.renderBlocks(AbstractRenderer.java:689)
	at org.apache.fop.render.AbstractRenderer.renderBlock(AbstractRenderer.java:758)
	at org.apache.fop.render.intermediate.IFRenderer.renderBlock(IFRenderer.java:1009)
	at org.apache.fop.render.AbstractRenderer.renderBlocks(AbstractRenderer.java:689)
	at org.apache.fop.render.AbstractRenderer.renderFlow(AbstractRenderer.java:591)
	at org.apache.fop.render.AbstractPathOrientedRenderer.renderFlow(AbstractPathOrientedRenderer.java:789)
	at org.apache.fop.render.AbstractRenderer.renderMainReference(AbstractRenderer.java:568)
	at org.apache.fop.render.AbstractRenderer.renderBodyRegion(AbstractRenderer.java:433)
	at org.apache.fop.render.AbstractRenderer.renderRegionViewport(AbstractRenderer.java:380)
	at org.apache.fop.render.intermediate.IFRenderer.renderRegionViewport(IFRenderer.java:740)
	at org.apache.fop.render.AbstractRenderer.renderPageAreas(AbstractRenderer.java:345)
	at org.apache.fop.render.AbstractRenderer.renderPage(AbstractRenderer.java:318)
	at org.apache.fop.render.intermediate.IFRenderer.renderPage(IFRenderer.java:589)
	at org.apache.fop.area.RenderPagesModel.renderPage(RenderPagesModel.java:193)
	at org.apache.fop.area.RenderPagesModel.checkPreparedPages(RenderPagesModel.java:174)
	at org.apache.fop.area.RenderPagesModel.endDocument(RenderPagesModel.java:258)
	at org.apache.fop.area.AreaTreeHandler.endDocument(AreaTreeHandler.java:342)
	at org.apache.fop.fo.DelegatingFOEventHandler.endDocument(DelegatingFOEventHandler.java:94)
	at org.apache.fop.accessibility.fo.FO2StructureTreeConverter.endDocument(FO2StructureTreeConverter.java:160)
	at org.apache.fop.fo.FOTreeBuilder.endDocument(FOTreeBuilder.java:172)
	at org.apache.xalan.transformer.TransformerIdentityImpl.endDocument(TransformerIdentityImpl.java:1010)
	at java.xml/com.sun.org.apache.xerces.internal.parsers.AbstractSAXParser.endDocument(AbstractSAXParser.java:754)
	at java.xml/com.sun.org.apache.xerces.internal.impl.XMLDocumentFragmentScannerImpl.scanDocument(XMLDocumentFragmentScannerImpl.java:547)
	at java.xml/com.sun.org.apache.xerces.internal.parsers.XML11Configuration.parse(XML11Configuration.java:889)
	at java.xml/com.sun.org.apache.xerces.internal.parsers.XML11Configuration.parse(XML11Configuration.java:825)
	at java.xml/com.sun.org.apache.xerces.internal.parsers.XMLParser.parse(XMLParser.java:141)
	at java.xml/com.sun.org.apache.xerces.internal.parsers.AbstractSAXParser.parse(AbstractSAXParser.java:1224)
	at org.apache.xalan.transformer.TransformerIdentityImpl.transform(TransformerIdentityImpl.java:519)
	at org.metanorma.fop.PDFGenerator.runFOP(PDFGenerator.java:943)
	at org.metanorma.fop.PDFGenerator.convertmn2pdf(PDFGenerator.java:747)
	at org.metanorma.fop.PDFGenerator.process(PDFGenerator.java:408)
	at org.metanorma.fop.mn2pdf.main(mn2pdf.java:383)

SVG error: file:/__w/ogc-muddi-mds/ogc-muddi-mds/_site/documents/mds-guide/:
The attribute "style" represents an invalid CSS declaration ("font-family:Carlito; font-weight:0; font-style:normal; font-size:7pt; fill:#595959;fill-opacity:1.00; stroke:#000000; stroke-opacity:0.00 stroke-width:0; white-space: pre;").
Original message:
The number '0' represents an invalid value for the 'font-weight' property.
org.w3c.dom.DOMException: file:/__w/ogc-muddi-mds/ogc-muddi-mds/_site/documents/mds-guide/:
The attribute "style" represents an invalid CSS declaration ("font-family:Carlito; font-weight:0; font-style:normal; font-size:7pt; fill:#595959;fill-opacity:1.00; stroke:#000000; stroke-opacity:0.00 stroke-width:0; white-space: pre;").
Original message:
The number '0' represents an invalid value for the 'font-weight' property.
	at org.apache.batik.css.engine.CSSEngine.getCascadedStyleMap(CSSEngine.java:824)
	at org.apache.batik.css.engine.CSSEngine.getComputedStyle(CSSEngine.java:867)
	at org.apache.batik.bridge.CSSUtilities.getComputedStyle(CSSUtilities.java:81)
	at org.apache.batik.bridge.CSSUtilities.convertDisplay(CSSUtilities.java:563)
	at org.apache.batik.bridge.GVTBuilder.buildGraphicsNode(GVTBuilder.java:206)
	at org.apache.batik.bridge.GVTBuilder.buildComposite(GVTBuilder.java:171)
	at org.apache.batik.bridge.GVTBuilder.buildGraphicsNode(GVTBuilder.java:219)
	at org.apache.batik.bridge.GVTBuilder.buildComposite(GVTBuilder.java:171)
	at org.apache.batik.bridge.GVTBuilder.build(GVTBuilder.java:82)
	at org.apache.fop.render.pdf.PDFImageHandlerSVG.handleImage(PDFImageHandlerSVG.java:104)
	at org.apache.fop.render.intermediate.AbstractIFPainter.drawImage(AbstractIFPainter.java:255)
	at org.apache.fop.render.intermediate.AbstractIFPainter.drawImage(AbstractIFPainter.java:211)
	at org.apache.fop.render.intermediate.AbstractIFPainter.drawImageUsingImageHandler(AbstractIFPainter.java:174)
	at org.apache.fop.render.intermediate.AbstractIFPainter.drawImageUsingDocument(AbstractIFPainter.java:325)
	at org.apache.fop.render.pdf.PDFPainter.drawImage(PDFPainter.java:291)
	at org.apache.fop.render.intermediate.IFRenderer.renderForeignObject(IFRenderer.java:1375)
	at org.apache.fop.render.AbstractRenderer.renderInlineViewport(AbstractRenderer.java:1034)
	at org.apache.fop.render.AbstractPathOrientedRenderer.renderInlineViewport(AbstractPathOrientedRenderer.java:836)
	at org.apache.fop.render.intermediate.IFRenderer.renderInlineViewport(IFRenderer.java:865)
	at org.apache.fop.render.AbstractRenderer.renderInlineArea(AbstractRenderer.java:877)
	at org.apache.fop.render.intermediate.IFRenderer.renderInlineArea(IFRenderer.java:929)
	at org.apache.fop.render.AbstractRenderer.renderLineArea(AbstractRenderer.java:845)
	at org.apache.fop.render.AbstractRenderer.renderBlocks(AbstractRenderer.java:704)
	at org.apache.fop.render.AbstractRenderer.renderBlock(AbstractRenderer.java:758)
	at org.apache.fop.render.intermediate.IFRenderer.renderBlock(IFRenderer.java:1009)
	at org.apache.fop.render.AbstractRenderer.renderBlocks(AbstractRenderer.java:689)
	at org.apache.fop.render.AbstractRenderer.renderBlock(AbstractRenderer.java:758)
	at org.apache.fop.render.intermediate.IFRenderer.renderBlock(IFRenderer.java:1009)
	at org.apache.fop.render.AbstractRenderer.renderBlocks(AbstractRenderer.java:689)
	at org.apache.fop.render.AbstractPathOrientedRenderer.renderReferenceArea(AbstractPathOrientedRenderer.java:759)
	at org.apache.fop.render.AbstractRenderer.renderBlock(AbstractRenderer.java:744)
	at org.apache.fop.render.intermediate.IFRenderer.renderBlock(IFRenderer.java:1009)
	at org.apache.fop.render.AbstractRenderer.renderBlocks(AbstractRenderer.java:689)
	at org.apache.fop.render.intermediate.IFRenderer.renderBlockViewport(IFRenderer.java:845)
	at org.apache.fop.render.AbstractRenderer.renderBlock(AbstractRenderer.java:737)
	at org.apache.fop.render.intermediate.IFRenderer.renderBlock(IFRenderer.java:1009)
	at org.apache.fop.render.AbstractRenderer.renderBlocks(AbstractRenderer.java:689)
	at org.apache.fop.render.AbstractRenderer.renderBlock(AbstractRenderer.java:758)
	at org.apache.fop.render.intermediate.IFRenderer.renderBlock(IFRenderer.java:1009)
	at org.apache.fop.render.AbstractRenderer.renderBlocks(AbstractRenderer.java:689)
	at org.apache.fop.render.AbstractPathOrientedRenderer.renderReferenceArea(AbstractPathOrientedRenderer.java:759)
	at org.apache.fop.render.AbstractRenderer.renderBlock(AbstractRenderer.java:744)
	at org.apache.fop.render.intermediate.IFRenderer.renderBlock(IFRenderer.java:1009)
	at org.apache.fop.render.AbstractRenderer.renderBlocks(AbstractRenderer.java:689)
	at org.apache.fop.render.intermediate.IFRenderer.renderBlockViewport(IFRenderer.java:845)
	at org.apache.fop.render.AbstractRenderer.renderBlock(AbstractRenderer.java:737)
	at org.apache.fop.render.intermediate.IFRenderer.renderBlock(IFRenderer.java:1009)
	at org.apache.fop.render.AbstractRenderer.renderBlocks(AbstractRenderer.java:689)
	at org.apache.fop.render.AbstractRenderer.renderBlock(AbstractRenderer.java:758)
	at org.apache.fop.render.intermediate.IFRenderer.renderBlock(IFRenderer.java:1009)
	at org.apache.fop.render.AbstractRenderer.renderBlocks(AbstractRenderer.java:689)
	at org.apache.fop.render.AbstractRenderer.renderBlock(AbstractRenderer.java:758)
	at org.apache.fop.render.intermediate.IFRenderer.renderBlock(IFRenderer.java:1009)
	at org.apache.fop.render.AbstractRenderer.renderBlocks(AbstractRenderer.java:689)
	at org.apache.fop.render.AbstractRenderer.renderBlock(AbstractRenderer.java:758)
	at org.apache.fop.render.intermediate.IFRenderer.renderBlock(IFRenderer.java:1009)
	at org.apache.fop.render.AbstractRenderer.renderBlocks(AbstractRenderer.java:689)
	at org.apache.fop.render.AbstractRenderer.renderFlow(AbstractRenderer.java:591)
	at org.apache.fop.render.AbstractPathOrientedRenderer.renderFlow(AbstractPathOrientedRenderer.java:789)
	at org.apache.fop.render.AbstractRenderer.renderMainReference(AbstractRenderer.java:568)
	at org.apache.fop.render.AbstractRenderer.renderBodyRegion(AbstractRenderer.java:433)
	at org.apache.fop.render.AbstractRenderer.renderRegionViewport(AbstractRenderer.java:380)
	at org.apache.fop.render.intermediate.IFRenderer.renderRegionViewport(IFRenderer.java:740)
	at org.apache.fop.render.AbstractRenderer.renderPageAreas(AbstractRenderer.java:345)
	at org.apache.fop.render.AbstractRenderer.renderPage(AbstractRenderer.java:318)
	at org.apache.fop.render.intermediate.IFRenderer.renderPage(IFRenderer.java:589)
	at org.apache.fop.area.RenderPagesModel.renderPage(RenderPagesModel.java:193)
	at org.apache.fop.area.RenderPagesModel.checkPreparedPages(RenderPagesModel.java:174)
	at org.apache.fop.area.RenderPagesModel.endDocument(RenderPagesModel.java:258)
	at org.apache.fop.area.AreaTreeHandler.endDocument(AreaTreeHandler.java:342)
	at org.apache.fop.fo.DelegatingFOEventHandler.endDocument(DelegatingFOEventHandler.java:94)
	at org.apache.fop.accessibility.fo.FO2StructureTreeConverter.endDocument(FO2StructureTreeConverter.java:160)
	at org.apache.fop.fo.FOTreeBuilder.endDocument(FOTreeBuilder.java:172)
	at org.apache.xalan.transformer.TransformerIdentityImpl.endDocument(TransformerIdentityImpl.java:1010)
	at java.xml/com.sun.org.apache.xerces.internal.parsers.AbstractSAXParser.endDocument(AbstractSAXParser.java:754)
	at java.xml/com.sun.org.apache.xerces.internal.impl.XMLDocumentFragmentScannerImpl.scanDocument(XMLDocumentFragmentScannerImpl.java:547)
	at java.xml/com.sun.org.apache.xerces.internal.parsers.XML11Configuration.parse(XML11Configuration.java:889)
	at java.xml/com.sun.org.apache.xerces.internal.parsers.XML11Configuration.parse(XML11Configuration.java:825)
	at java.xml/com.sun.org.apache.xerces.internal.parsers.XMLParser.parse(XMLParser.java:141)
	at java.xml/com.sun.org.apache.xerces.internal.parsers.AbstractSAXParser.parse(AbstractSAXParser.java:1224)
	at org.apache.xalan.transformer.TransformerIdentityImpl.transform(TransformerIdentityImpl.java:519)
	at org.metanorma.fop.PDFGenerator.runFOP(PDFGenerator.java:943)
	at org.metanorma.fop.PDFGenerator.convertmn2pdf(PDFGenerator.java:747)
	at org.metanorma.fop.PDFGenerator.process(PDFGenerator.java:408)
	at org.metanorma.fop.mn2pdf.main(mn2pdf.java:383)

1 link target could not be fully resolved and now point to the top of the page or is dysfunctional.
WARNING: Font 'Carlito,normal,400' (font family 'Carlito', style 'normal', weight 'normal/400') doesn't exist. Replaced by 'NotoSans-Regular' (/github/home/.metanorma/fonts/NotoSans-Regular.ttf).
WARNING: Font 'Carlito,normal,700' (font family 'Carlito', style 'normal', weight 'bold/700') doesn't exist. Replaced by 'NotoSans-Bold' (/github/home/.metanorma/fonts/NotoSans-Bold.ttf).
WARNING: Font 'Carlito,italic,400' (font family 'Carlito', style 'italic', weight 'normal/400') doesn't exist. Replaced by 'NotoSans-Italic' (/github/home/.metanorma/fonts/NotoSans-Italic.ttf).
WARNING: Font 'Carlito,italic,700' (font family 'Carlito', style 'italic', weight 'bold/700') doesn't exist. Replaced by 'NotoSans-BoldItalic' (/github/home/.metanorma/fonts/NotoSans-BoldItalic.ttf).

